---
source: src/server/actix_server/hpo_sim/term_term.rs
expression: "&run_query(\"/hpo/sim/term-term?lhs=HP:0010442,HP:0000347&rhs=HP:0001780,HP:0000252\").await?"
---
hpo_version: 2023-04-05
viguno_version: 0.1.0
query:
  lhs:
    - "HP:0010442"
    - "HP:0000347"
  rhs:
    - "HP:0001780"
    - "HP:0000252"
  ic_base: gene
  similarity: resnik
  combiner: fun-sim-avg
result:
  - lhs: "HP:0010442"
    rhs: "HP:0001780"
    score: 1.2074362
  - lhs: "HP:0000347"
    rhs: "HP:0000252"
    score: 0.7606594
  - lhs: "HP:0010442"
    rhs: "HP:0000252"
    score: 0.48051217
  - lhs: "HP:0000347"
    rhs: "HP:0001780"
    score: 0.48051217

