---
source: src/server/actix_server/hpo_terms.rs
expression: "&run_query(\"/hpo/terms?name=guinal+hernia&match=suffix\").await?"
---
version:
  hpo: 2023-04-05
  viguno: 0.1.0
query:
  term_id: ~
  name: guinal hernia
  match_: suffix
  max_results: 100
  genes: false
result:
  - term_id: "HP:0000023"
    name: Inguinal hernia

