---
source: src/server/actix_server/hpo_genes.rs
expression: "&run_query(\"/hpo/genes?gene_symbol=TGDS&hpo_terms=true\").await?"
---
version:
  hpo: 2023-04-05
  viguno: 0.0.0
query:
  gene_id: ~
  gene_symbol: TGDS
  match_: ~
  max_results: 100
  hpo_terms: true
result:
  - gene_ncbi_id: 23483
    gene_symbol: TGDS
    hgnc_id: "HGNC:20324"
    hpo_terms:
      - term_id: "HP:0000007"
        name: Autosomal recessive inheritance
        synonyms: ~
        definition: ~
        xrefs: ~
      - term_id: "HP:0000023"
        name: Inguinal hernia
        synonyms: ~
        definition: ~
        xrefs: ~
      - term_id: "HP:0000028"
        name: Cryptorchidism
        synonyms: ~
        definition: ~
        xrefs: ~
      - term_id: "HP:0000160"
        name: Narrow mouth
        synonyms: ~
        definition: ~
        xrefs: ~
      - term_id: "HP:0000162"
        name: Glossoptosis
        synonyms: ~
        definition: ~
        xrefs: ~
      - term_id: "HP:0000175"
        name: Cleft palate
        synonyms: ~
        definition: ~
        xrefs: ~
      - term_id: "HP:0000193"
        name: Bifid uvula
        synonyms: ~
        definition: ~
        xrefs: ~
      - term_id: "HP:0000201"
        name: Pierre-Robin sequence
        synonyms: ~
        definition: ~
        xrefs: ~
      - term_id: "HP:0000204"
        name: Cleft upper lip
        synonyms: ~
        definition: ~
        xrefs: ~
      - term_id: "HP:0000218"
        name: High palate
        synonyms: ~
        definition: ~
        xrefs: ~
      - term_id: "HP:0000272"
        name: Malar flattening
        synonyms: ~
        definition: ~
        xrefs: ~
      - term_id: "HP:0000293"
        name: Full cheeks
        synonyms: ~
        definition: ~
        xrefs: ~
      - term_id: "HP:0000316"
        name: Hypertelorism
        synonyms: ~
        definition: ~
        xrefs: ~
      - term_id: "HP:0000347"
        name: Micrognathia
        synonyms: ~
        definition: ~
        xrefs: ~
      - term_id: "HP:0000368"
        name: "Low-set, posteriorly rotated ears"
        synonyms: ~
        definition: ~
        xrefs: ~
      - term_id: "HP:0000389"
        name: Chronic otitis media
        synonyms: ~
        definition: ~
        xrefs: ~
      - term_id: "HP:0000460"
        name: Narrow nose
        synonyms: ~
        definition: ~
        xrefs: ~
      - term_id: "HP:0000470"
        name: Short neck
        synonyms: ~
        definition: ~
        xrefs: ~
      - term_id: "HP:0000476"
        name: Cystic hygroma
        synonyms: ~
        definition: ~
        xrefs: ~
      - term_id: "HP:0000520"
        name: Proptosis
        synonyms: ~
        definition: ~
        xrefs: ~
      - term_id: "HP:0000579"
        name: Nasolacrimal duct obstruction
        synonyms: ~
        definition: ~
        xrefs: ~
      - term_id: "HP:0000582"
        name: Upslanted palpebral fissure
        synonyms: ~
        definition: ~
        xrefs: ~
      - term_id: "HP:0000767"
        name: Pectus excavatum
        synonyms: ~
        definition: ~
        xrefs: ~
      - term_id: "HP:0000768"
        name: Pectus carinatum
        synonyms: ~
        definition: ~
        xrefs: ~
      - term_id: "HP:0000954"
        name: Single transverse palmar crease
        synonyms: ~
        definition: ~
        xrefs: ~
      - term_id: "HP:0001181"
        name: Adducted thumb
        synonyms: ~
        definition: ~
        xrefs: ~
      - term_id: "HP:0001250"
        name: Seizure
        synonyms: ~
        definition: ~
        xrefs: ~
      - term_id: "HP:0001263"
        name: Global developmental delay
        synonyms: ~
        definition: ~
        xrefs: ~
      - term_id: "HP:0001373"
        name: Joint dislocation
        synonyms: ~
        definition: ~
        xrefs: ~
      - term_id: "HP:0001387"
        name: Joint stiffness
        synonyms: ~
        definition: ~
        xrefs: ~
      - term_id: "HP:0001388"
        name: Joint laxity
        synonyms: ~
        definition: ~
        xrefs: ~
      - term_id: "HP:0001508"
        name: Failure to thrive
        synonyms: ~
        definition: ~
        xrefs: ~
      - term_id: "HP:0001511"
        name: Intrauterine growth retardation
        synonyms: ~
        definition: ~
        xrefs: ~
      - term_id: "HP:0001537"
        name: Umbilical hernia
        synonyms: ~
        definition: ~
        xrefs: ~
      - term_id: "HP:0001629"
        name: Ventricular septal defect
        synonyms: ~
        definition: ~
        xrefs: ~
      - term_id: "HP:0001631"
        name: Atrial septal defect
        synonyms: ~
        definition: ~
        xrefs: ~
      - term_id: "HP:0001651"
        name: Dextrocardia
        synonyms: ~
        definition: ~
        xrefs: ~
      - term_id: "HP:0001680"
        name: Coarctation of aorta
        synonyms: ~
        definition: ~
        xrefs: ~
      - term_id: "HP:0001762"
        name: Talipes equinovarus
        synonyms: ~
        definition: ~
        xrefs: ~
      - term_id: "HP:0001831"
        name: Short toe
        synonyms: ~
        definition: ~
        xrefs: ~
      - term_id: "HP:0002119"
        name: Ventriculomegaly
        synonyms: ~
        definition: ~
        xrefs: ~
      - term_id: "HP:0002553"
        name: Highly arched eyebrow
        synonyms: ~
        definition: ~
        xrefs: ~
      - term_id: "HP:0002623"
        name: Overriding aorta
        synonyms: ~
        definition: ~
        xrefs: ~
      - term_id: "HP:0002650"
        name: Scoliosis
        synonyms: ~
        definition: ~
        xrefs: ~
      - term_id: "HP:0002857"
        name: Genu valgum
        synonyms: ~
        definition: ~
        xrefs: ~
      - term_id: "HP:0003097"
        name: Short femur
        synonyms: ~
        definition: ~
        xrefs: ~
      - term_id: "HP:0003577"
        name: Congenital onset
        synonyms: ~
        definition: ~
        xrefs: ~
      - term_id: "HP:0004209"
        name: Clinodactyly of the 5th finger
        synonyms: ~
        definition: ~
        xrefs: ~
      - term_id: "HP:0004322"
        name: Short stature
        synonyms: ~
        definition: ~
        xrefs: ~
      - term_id: "HP:0005692"
        name: Joint hyperflexibility
        synonyms: ~
        definition: ~
        xrefs: ~
      - term_id: "HP:0005792"
        name: Short humerus
        synonyms: ~
        definition: ~
        xrefs: ~
      - term_id: "HP:0005930"
        name: Abnormal epiphysis morphology
        synonyms: ~
        definition: ~
        xrefs: ~
      - term_id: "HP:0008897"
        name: Postnatal growth retardation
        synonyms: ~
        definition: ~
        xrefs: ~
      - term_id: "HP:0009464"
        name: Ulnar deviation of the 2nd finger
        synonyms: ~
        definition: ~
        xrefs: ~
      - term_id: "HP:0009467"
        name: Radial deviation of the 2nd finger
        synonyms: ~
        definition: ~
        xrefs: ~
      - term_id: "HP:0009933"
        name: Narrow naris
        synonyms: ~
        definition: ~
        xrefs: ~
      - term_id: "HP:0010049"
        name: Short metacarpal
        synonyms: ~
        definition: ~
        xrefs: ~
      - term_id: "HP:0010285"
        name: Oral synechia
        synonyms: ~
        definition: ~
        xrefs: ~
      - term_id: "HP:0010508"
        name: Metatarsus valgus
        synonyms: ~
        definition: ~
        xrefs: ~
      - term_id: "HP:0010763"
        name: Low insertion of columella
        synonyms: ~
        definition: ~
        xrefs: ~
      - term_id: "HP:0030368"
        name: Hyperphalangy of the 2nd finger
        synonyms: ~
        definition: ~
        xrefs: ~
      - term_id: "HP:0045074"
        name: Thin eyebrow
        synonyms: ~
        definition: ~
        xrefs: ~
      - term_id: "HP:0100490"
        name: Camptodactyly of finger
        synonyms: ~
        definition: ~
        xrefs: ~

