---
source: src/server/run/hpo_omims.rs
expression: "&run_query(web_server_data.clone(),\n                \"/hpo/omims?name=tel-Manzke+syndrome&match=suffix\").await?"
---
version:
  hpo: 2024-07-01
  viguno: 0.0.0
query:
  omim_id: ~
  name: tel-Manzke syndrome
  match_: suffix
  max_results: 100
  hpo_terms: false
result:
  - omim_id: "OMIM:616145"
    name: Catel-Manzke syndrome
