---
source: src/server/run/hpo_omims.rs
expression: "&run_query(web_server_data.clone(), \"/hpo/omims?omim_id=616145\").await?"
---
version:
  hpo: 2024-07-01
  viguno: 0.0.0
query:
  omim_id: "616145"
  name: ~
  match_: ~
  max_results: 100
  hpo_terms: false
result:
  - omim_id: "OMIM:616145"
    name: Catel-Manzke syndrome
