---
source: src/server/run/hpo_genes.rs
expression: "&run_query(web_server_data.clone(),\n                \"/hpo/genes?gene_symbol=TGD&match=prefix\").await?"
---
version:
  hpo: 2024-07-01
  viguno: 0.0.0
query:
  gene_id: ~
  gene_symbol: TGD
  match_: prefix
  max_results: 100
  hpo_terms: false
result:
  - gene_ncbi_id: 23483
    gene_symbol: TGDS
    hgnc_id: "HGNC:20324"
